2025-06-27 11:15:04,867 - pipeline - INFO - 🚀 开始执行材料生成管道...
2025-06-27 11:15:04,867 - pipeline - INFO - 总步骤数: 18
2025-06-27 11:15:04,867 - pipeline - INFO - 日志文件: logs/pipeline_20250627_111504.log
2025-06-27 11:15:04,868 - pipeline - INFO - [步骤 1] ⏭️ 跳过步骤: 生成原始 srt 文件
2025-06-27 11:15:04,868 - pipeline - INFO - [步骤 1] 跳过原因: 🍎 检测到Mac系统，自动跳过此步骤
2025-06-27 11:15:04,868 - pipeline - INFO - 
============================================================
2025-06-27 11:15:04,868 - pipeline - INFO - [步骤 2] 步骤 2: 生成修复的中文 srt 文件
2025-06-27 11:15:04,868 - pipeline - INFO - [步骤 2] 正在运行: fix_tyro.py
2025-06-27 11:15:04,868 - pipeline - INFO - ============================================================
2025-06-27 11:15:07,891 - pipeline - WARNING - 用户中断执行
2025-06-27 11:15:07,912 - pipeline - INFO - 
============================================================
2025-06-27 11:15:07,947 - pipeline - INFO - 📊 执行报告
2025-06-27 11:15:07,947 - pipeline - INFO - ============================================================
2025-06-27 11:15:07,947 - pipeline - INFO - 总执行时间: 3.04 秒 (0.1 分钟)
2025-06-27 11:15:07,947 - pipeline - INFO - 成功步骤: 0
2025-06-27 11:15:07,947 - pipeline - INFO - 总步骤数: 18
2025-06-27 11:15:07,948 - pipeline - INFO - 成功率: 0.0%
2025-06-27 11:15:07,948 - pipeline - WARNING - ❌ 有 18 个步骤失败
2025-06-27 11:15:07,948 - pipeline - INFO - ============================================================
2025-06-27 11:15:07,948 - pipeline - INFO - 详细日志已保存到: logs/pipeline_20250627_111504.log
