2025-06-27 11:36:48,649 - pipeline - INFO - 使用语言: ko
2025-06-27 11:36:48,650 - pipeline - INFO - 🚀 开始执行材料生成管道...
2025-06-27 11:36:48,650 - pipeline - INFO - 总步骤数: 18
2025-06-27 11:36:48,650 - pipeline - INFO - 日志文件: logs/pipeline_20250627_113648.log
2025-06-27 11:36:48,650 - pipeline - INFO - [步骤 1] ⏭️ 跳过步骤: 生成原始 srt 文件
2025-06-27 11:36:48,651 - pipeline - INFO - [步骤 1] 跳过原因: 🍎 检测到Mac系统，自动跳过此步骤
2025-06-27 11:36:48,651 - pipeline - INFO - 
============================================================
2025-06-27 11:36:48,651 - pipeline - INFO - [步骤 2] 步骤 2: 生成修复的中文 srt 文件
2025-06-27 11:36:48,651 - pipeline - INFO - [步骤 2] 正在运行: fix_tyro.py
2025-06-27 11:36:48,651 - pipeline - INFO - ============================================================
2025-06-27 11:36:52,348 - pipeline - INFO - [步骤 2] ✅ 步骤完成: 生成修复的中文 srt 文件 (耗时: 3.70秒)
2025-06-27 11:36:52,349 - pipeline - INFO - 
============================================================
2025-06-27 11:36:52,349 - pipeline - INFO - [步骤 2.1] 步骤 2.1: 对中文进行分句得到分句后的txt
2025-06-27 11:36:52,349 - pipeline - INFO - [步骤 2.1] 正在运行: split_sentences_zh_srt.py
2025-06-27 11:36:52,349 - pipeline - INFO - ============================================================
2025-06-27 11:36:53,282 - pipeline - INFO - [步骤 2.1] ✅ 步骤完成: 对中文进行分句得到分句后的txt (耗时: 0.93秒)
2025-06-27 11:36:53,284 - pipeline - INFO - 
============================================================
2025-06-27 11:36:53,284 - pipeline - INFO - [步骤 3] 步骤 3: 得到不同语种的 txt
2025-06-27 11:36:53,284 - pipeline - INFO - [步骤 3] 正在运行: translate_srt_zh_multi.py
2025-06-27 11:36:53,284 - pipeline - INFO - ============================================================
2025-06-27 11:36:53,285 - pipeline - INFO - 添加语言参数: -l Korean
2025-06-27 11:36:57,682 - pipeline - INFO - [步骤 3] ✅ 步骤完成: 得到不同语种的 txt (耗时: 4.40秒)
2025-06-27 11:36:57,683 - pipeline - INFO - 
============================================================
2025-06-27 11:36:57,683 - pipeline - INFO - [步骤 4.1] 步骤 4.1: 生成多语种 mp3 clips (第1次)
2025-06-27 11:36:57,683 - pipeline - INFO - [步骤 4.1] 正在运行: generate_mp3_clips.py
2025-06-27 11:36:57,683 - pipeline - INFO - ============================================================
2025-06-27 11:36:57,684 - pipeline - INFO - 添加语言参数: -l ko
2025-06-27 11:37:01,114 - pipeline - INFO - [步骤 4.1] ✅ 步骤完成: 生成多语种 mp3 clips (第1次) (耗时: 3.43秒)
2025-06-27 11:37:01,115 - pipeline - INFO - 
============================================================
2025-06-27 11:37:01,115 - pipeline - INFO - [步骤 4.2] 步骤 4.2: 生成多语种 mp3 clips (第2次)
2025-06-27 11:37:01,115 - pipeline - INFO - [步骤 4.2] 正在运行: generate_mp3_clips.py
2025-06-27 11:37:01,115 - pipeline - INFO - ============================================================
2025-06-27 11:37:01,116 - pipeline - INFO - 添加语言参数: -l ko
2025-06-27 11:37:02,191 - pipeline - INFO - [步骤 4.2] ✅ 步骤完成: 生成多语种 mp3 clips (第2次) (耗时: 1.07秒)
2025-06-27 11:37:02,192 - pipeline - INFO - 
============================================================
2025-06-27 11:37:02,192 - pipeline - INFO - [步骤 4.3] 步骤 4.3: 生成多语种 mp3 clips (第3次)
2025-06-27 11:37:02,193 - pipeline - INFO - [步骤 4.3] 正在运行: generate_mp3_clips.py
2025-06-27 11:37:02,193 - pipeline - INFO - ============================================================
2025-06-27 11:37:02,193 - pipeline - INFO - 添加语言参数: -l ko
2025-06-27 11:37:03,210 - pipeline - INFO - [步骤 4.3] ✅ 步骤完成: 生成多语种 mp3 clips (第3次) (耗时: 1.02秒)
2025-06-27 11:37:03,210 - pipeline - INFO - [步骤 4.1] ⏭️ 跳过步骤: 检查 mp3 进度，删除坏 mp3，重新生成对应 mp3 clip
2025-06-27 11:37:03,211 - pipeline - INFO - [步骤 4.1] 跳过原因: 步骤已完成，跳过执行
2025-06-27 11:37:03,211 - pipeline - INFO - 
============================================================
2025-06-27 11:37:03,211 - pipeline - INFO - [步骤 5] 步骤 5: 得到不同语言对应 srt 字幕
2025-06-27 11:37:03,211 - pipeline - INFO - [步骤 5] 正在运行: generate_subtitles.py
2025-06-27 11:37:03,211 - pipeline - INFO - ============================================================
2025-06-27 11:37:03,212 - pipeline - INFO - 添加语言参数: -l ko
2025-06-27 11:37:03,442 - pipeline - INFO - [步骤 5] ✅ 步骤完成: 得到不同语言对应 srt 字幕 (耗时: 0.23秒)
2025-06-27 11:37:03,444 - pipeline - INFO - 
============================================================
2025-06-27 11:37:03,444 - pipeline - INFO - [步骤 6] 步骤 6: 把 mp3 clips 合成为一个 mp3
2025-06-27 11:37:03,444 - pipeline - INFO - [步骤 6] 正在运行: merge_mp3.py
2025-06-27 11:37:03,444 - pipeline - INFO - ============================================================
2025-06-27 11:37:03,836 - pipeline - INFO - [步骤 6] ✅ 步骤完成: 把 mp3 clips 合成为一个 mp3 (耗时: 0.39秒)
2025-06-27 11:37:03,838 - pipeline - INFO - 
============================================================
2025-06-27 11:37:03,838 - pipeline - INFO - [步骤 7] 步骤 7: 生成无声且无字幕的 mp4
2025-06-27 11:37:03,838 - pipeline - INFO - [步骤 7] 正在运行: merge_mp4_clips_by_audio_duration.py
2025-06-27 11:37:03,838 - pipeline - INFO - ============================================================
2025-06-27 11:52:20,949 - pipeline - INFO - [步骤 7] ✅ 步骤完成: 生成无声且无字幕的 mp4 (耗时: 917.11秒)
2025-06-27 11:52:20,954 - pipeline - INFO - 
============================================================
2025-06-27 11:52:20,954 - pipeline - INFO - [步骤 8] 步骤 8: 给无声的 mp4 增加字幕
2025-06-27 11:52:20,954 - pipeline - INFO - [步骤 8] 正在运行: add_subtitles_to_mp4.py
2025-06-27 11:52:20,954 - pipeline - INFO - ============================================================
2025-06-27 12:20:33,534 - pipeline - WARNING - 用户中断执行
2025-06-27 12:20:33,543 - pipeline - INFO - 
============================================================
2025-06-27 12:20:33,543 - pipeline - INFO - 📊 执行报告
2025-06-27 12:20:33,544 - pipeline - INFO - ============================================================
2025-06-27 12:20:33,544 - pipeline - INFO - 总执行时间: 2624.89 秒 (43.7 分钟)
2025-06-27 12:20:33,544 - pipeline - INFO - 成功步骤: 9
2025-06-27 12:20:33,544 - pipeline - INFO - 总步骤数: 18
2025-06-27 12:20:33,546 - pipeline - INFO - 成功率: 50.0%
2025-06-27 12:20:33,546 - pipeline - WARNING - ❌ 有 9 个步骤失败
2025-06-27 12:20:33,546 - pipeline - INFO - ============================================================
2025-06-27 12:20:33,546 - pipeline - INFO - 详细日志已保存到: logs/pipeline_20250627_113648.log
