2025-06-27 11:26:11,716 - pipeline - INFO - 使用语言: ko
2025-06-27 11:26:11,717 - pipeline - INFO - 🚀 开始执行材料生成管道...
2025-06-27 11:26:11,717 - pipeline - INFO - 总步骤数: 18
2025-06-27 11:26:11,717 - pipeline - INFO - 日志文件: logs/pipeline_20250627_112611.log
2025-06-27 11:26:11,717 - pipeline - INFO - [步骤 1] ⏭️ 跳过步骤: 生成原始 srt 文件
2025-06-27 11:26:11,717 - pipeline - INFO - [步骤 1] 跳过原因: 🍎 检测到Mac系统，自动跳过此步骤
2025-06-27 11:26:11,717 - pipeline - INFO - 
============================================================
2025-06-27 11:26:11,717 - pipeline - INFO - [步骤 2] 步骤 2: 生成修复的中文 srt 文件
2025-06-27 11:26:11,718 - pipeline - INFO - [步骤 2] 正在运行: fix_tyro.py
2025-06-27 11:26:11,718 - pipeline - INFO - ============================================================
2025-06-27 11:26:17,357 - pipeline - INFO - [步骤 2] ✅ 步骤完成: 生成修复的中文 srt 文件 (耗时: 5.64秒)
2025-06-27 11:26:17,359 - pipeline - INFO - 
============================================================
2025-06-27 11:26:17,359 - pipeline - INFO - [步骤 2.1] 步骤 2.1: 对中文进行分句得到分句后的txt
2025-06-27 11:26:17,359 - pipeline - INFO - [步骤 2.1] 正在运行: split_sentences_zh_srt.py
2025-06-27 11:26:17,360 - pipeline - INFO - ============================================================
2025-06-27 11:26:18,431 - pipeline - INFO - [步骤 2.1] ✅ 步骤完成: 对中文进行分句得到分句后的txt (耗时: 1.07秒)
2025-06-27 11:26:18,434 - pipeline - INFO - 
============================================================
2025-06-27 11:26:18,434 - pipeline - INFO - [步骤 3] 步骤 3: 得到不同语种的 txt
2025-06-27 11:26:18,434 - pipeline - INFO - [步骤 3] 正在运行: translate_srt_zh_multi.py
2025-06-27 11:26:18,434 - pipeline - INFO - ============================================================
2025-06-27 11:26:18,435 - pipeline - INFO - 添加语言参数: -l Korean
2025-06-27 11:26:22,213 - pipeline - INFO - [步骤 3] ✅ 步骤完成: 得到不同语种的 txt (耗时: 3.78秒)
2025-06-27 11:26:22,214 - pipeline - INFO - 
============================================================
2025-06-27 11:26:22,215 - pipeline - INFO - [步骤 4.1] 步骤 4.1: 生成多语种 mp3 clips (第1次)
2025-06-27 11:26:22,215 - pipeline - INFO - [步骤 4.1] 正在运行: generate_mp3_clips.py
2025-06-27 11:26:22,215 - pipeline - INFO - ============================================================
2025-06-27 11:26:22,215 - pipeline - INFO - 添加语言参数: -l ko
2025-06-27 11:26:26,013 - pipeline - INFO - [步骤 4.1] ✅ 步骤完成: 生成多语种 mp3 clips (第1次) (耗时: 3.80秒)
2025-06-27 11:26:26,015 - pipeline - INFO - 
============================================================
2025-06-27 11:26:26,015 - pipeline - INFO - [步骤 4.2] 步骤 4.2: 生成多语种 mp3 clips (第2次)
2025-06-27 11:26:26,015 - pipeline - INFO - [步骤 4.2] 正在运行: generate_mp3_clips.py
2025-06-27 11:26:26,015 - pipeline - INFO - ============================================================
2025-06-27 11:26:26,015 - pipeline - INFO - 添加语言参数: -l ko
2025-06-27 11:26:26,875 - pipeline - INFO - [步骤 4.2] ✅ 步骤完成: 生成多语种 mp3 clips (第2次) (耗时: 0.86秒)
2025-06-27 11:26:26,877 - pipeline - INFO - 
============================================================
2025-06-27 11:26:26,877 - pipeline - INFO - [步骤 4.3] 步骤 4.3: 生成多语种 mp3 clips (第3次)
2025-06-27 11:26:26,877 - pipeline - INFO - [步骤 4.3] 正在运行: generate_mp3_clips.py
2025-06-27 11:26:26,877 - pipeline - INFO - ============================================================
2025-06-27 11:26:26,877 - pipeline - INFO - 添加语言参数: -l ko
2025-06-27 11:26:27,738 - pipeline - INFO - [步骤 4.3] ✅ 步骤完成: 生成多语种 mp3 clips (第3次) (耗时: 0.86秒)
2025-06-27 11:26:27,740 - pipeline - INFO - [步骤 4.1] ⏭️ 跳过步骤: 检查 mp3 进度，删除坏 mp3，重新生成对应 mp3 clip
2025-06-27 11:26:27,740 - pipeline - INFO - [步骤 4.1] 跳过原因: 步骤已完成，跳过执行
2025-06-27 11:26:27,741 - pipeline - INFO - 
============================================================
2025-06-27 11:26:27,741 - pipeline - INFO - [步骤 5] 步骤 5: 得到不同语言对应 srt 字幕
2025-06-27 11:26:27,741 - pipeline - INFO - [步骤 5] 正在运行: generate_subtitles.py
2025-06-27 11:26:27,741 - pipeline - INFO - ============================================================
2025-06-27 11:26:27,741 - pipeline - INFO - 添加语言参数: -l ko
2025-06-27 11:26:28,347 - pipeline - INFO - [步骤 5] ✅ 步骤完成: 得到不同语言对应 srt 字幕 (耗时: 0.61秒)
2025-06-27 11:26:28,349 - pipeline - INFO - 
============================================================
2025-06-27 11:26:28,349 - pipeline - INFO - [步骤 6] 步骤 6: 把 mp3 clips 合成为一个 mp3
2025-06-27 11:26:28,349 - pipeline - INFO - [步骤 6] 正在运行: merge_mp3.py
2025-06-27 11:26:28,349 - pipeline - INFO - ============================================================
2025-06-27 11:26:29,071 - pipeline - INFO - [步骤 6] ✅ 步骤完成: 把 mp3 clips 合成为一个 mp3 (耗时: 0.72秒)
2025-06-27 11:26:29,072 - pipeline - INFO - 
============================================================
2025-06-27 11:26:29,073 - pipeline - INFO - [步骤 7] 步骤 7: 生成无声且无字幕的 mp4
2025-06-27 11:26:29,073 - pipeline - INFO - [步骤 7] 正在运行: merge_mp4_clips_by_audio_duration.py
2025-06-27 11:26:29,073 - pipeline - INFO - ============================================================
2025-06-27 11:33:35,626 - pipeline - WARNING - 用户中断执行
2025-06-27 11:33:35,628 - pipeline - INFO - 
============================================================
2025-06-27 11:33:35,628 - pipeline - INFO - 📊 执行报告
2025-06-27 11:33:35,628 - pipeline - INFO - ============================================================
2025-06-27 11:33:35,628 - pipeline - INFO - 总执行时间: 443.91 秒 (7.4 分钟)
2025-06-27 11:33:35,628 - pipeline - INFO - 成功步骤: 8
2025-06-27 11:33:35,628 - pipeline - INFO - 总步骤数: 18
2025-06-27 11:33:35,628 - pipeline - INFO - 成功率: 44.4%
2025-06-27 11:33:35,628 - pipeline - WARNING - ❌ 有 10 个步骤失败
2025-06-27 11:33:35,628 - pipeline - INFO - ============================================================
2025-06-27 11:33:35,628 - pipeline - INFO - 详细日志已保存到: logs/pipeline_20250627_112611.log
