2025-06-18 17:26:58,187 - INFO - 🌍 语种设置: 中文
2025-06-18 17:26:58,187 - INFO - 🔗 目标URL: https://zh.zlib.se/
2025-06-18 17:26:58,187 - INFO - 📁 输出文件: book_url_zh.txt
2025-06-18 17:27:01,410 - INFO - 🌐 Playwright浏览器设置成功
2025-06-18 17:27:01,411 - INFO - 🚀 开始爬取 中文 Z-Library，最大页数: 5
2025-06-18 17:27:03,460 - ERROR - ❌ 爬取过程中出现错误: Page.goto: net::ERR_CONNECTION_CLOSED at https://zh.zlib.se/
Call log:
  - navigating to "https://zh.zlib.se/", waiting until "load"

2025-06-18 17:27:03,533 - INFO - 🧹 浏览器资源已清理
2025-06-18 17:27:03,534 - INFO - 💾 已保存 0 个中文URL到 book_url_zh.txt
2025-06-18 17:27:57,544 - INFO - 🌍 语种设置: 中文
2025-06-18 17:27:57,545 - INFO - 🔗 目标URL: https://zlib.fi/s/?language=chinese
2025-06-18 17:27:57,545 - INFO - 📁 输出文件: book_url_zh.txt
2025-06-18 17:27:57,546 - INFO - 📥 已加载 0 个现有中文URL
2025-06-18 17:27:57,546 - INFO - 📊 已加载中文爬取进度: {'last_page': 0, 'total_books': 0, 'language': 'zh'}
2025-06-18 17:27:58,460 - INFO - 🌐 Playwright浏览器设置成功
2025-06-18 17:27:58,460 - INFO - 🚀 开始爬取 中文 Z-Library，最大页数: 3
2025-06-18 17:28:06,804 - INFO - ⏳ 正在处理第 1 页(中文)...
2025-06-18 17:28:06,941 - INFO - 🔍 本页新发现 0 个中文链接，去重后新增 0 个URL
2025-06-18 17:28:06,942 - INFO - 💾 已保存 0 个中文URL到 book_url_zh.txt
2025-06-18 17:28:06,997 - INFO - ℹ️ 未找到Load More按钮，可能已加载所有内容
2025-06-18 17:28:07,015 - INFO - ⚠️ 无法继续加载更多内容
2025-06-18 17:28:07,015 - INFO - 🎉 中文爬取完成！总共收集到 0 个电子书URL
2025-06-18 17:28:07,118 - INFO - 🧹 浏览器资源已清理
2025-06-18 17:28:07,118 - INFO - 💾 已保存 0 个中文URL到 book_url_zh.txt
2025-06-18 17:28:36,577 - INFO - 🌍 语种设置: English
2025-06-18 17:28:36,578 - INFO - 🔗 目标URL: https://zlib.fi/
2025-06-18 17:28:36,578 - INFO - 📁 输出文件: book_url.txt
2025-06-18 17:28:36,578 - INFO - 📥 已加载 988 个现有EnglishURL
2025-06-18 17:28:36,579 - INFO - 📊 已加载English爬取进度: {'last_page': 49, 'total_books': 988}
2025-06-18 17:28:37,595 - INFO - 🌐 Playwright浏览器设置成功
2025-06-18 17:28:37,596 - INFO - 🚀 开始爬取 English Z-Library，最大页数: 3
2025-06-18 17:28:49,775 - INFO - ⏳ 正在处理第 1 页(English)...
2025-06-18 17:28:49,938 - INFO - 🔍 本页新发现 0 个English链接，去重后新增 0 个URL
2025-06-18 17:28:49,940 - INFO - 💾 已保存 988 个EnglishURL到 book_url.txt
2025-06-18 17:28:51,114 - INFO - 👆 成功点击Load More按钮 (选择器: .load-more)
2025-06-18 17:28:54,348 - INFO - ⏳ 正在处理第 2 页(English)...
2025-06-18 17:28:54,512 - INFO - 🔍 本页新发现 0 个English链接，去重后新增 0 个URL
2025-06-18 17:28:54,513 - INFO - 💾 已保存 988 个EnglishURL到 book_url.txt
2025-06-18 17:28:55,599 - INFO - 👆 成功点击Load More按钮 (选择器: .load-more)
2025-06-18 17:28:59,855 - INFO - ⏳ 正在处理第 3 页(English)...
2025-06-18 17:28:59,999 - INFO - 🔍 本页新发现 0 个English链接，去重后新增 0 个URL
2025-06-18 17:28:59,999 - INFO - 🔚 连续3次未发现新内容，可能已抓取完毕
2025-06-18 17:28:59,999 - INFO - 🎉 English爬取完成！总共收集到 988 个电子书URL
2025-06-18 17:29:00,059 - INFO - 🧹 浏览器资源已清理
2025-06-18 17:29:00,061 - INFO - 💾 已保存 988 个EnglishURL到 book_url.txt
2025-06-18 17:31:47,737 - INFO - 🌍 语种设置: 中文
2025-06-18 17:31:47,737 - INFO - 🔗 目标URL: https://zlib.fi/s/?language=chinese
2025-06-18 17:31:47,737 - INFO - 📁 输出文件: book_url_zh.txt
2025-06-18 17:31:47,737 - INFO - 📥 已加载 0 个现有中文URL
2025-06-18 17:31:47,738 - INFO - 📊 已加载中文爬取进度: {'last_page': 1, 'total_books': 0, 'language': 'zh'}
2025-06-18 17:31:48,611 - INFO - 🌐 Playwright浏览器设置成功
2025-06-18 17:31:48,613 - INFO - 🚀 开始爬取 中文 Z-Library，最大页数: 2
2025-06-18 17:31:56,013 - INFO - ⏳ 正在处理第 1 页(中文)...
2025-06-18 17:31:56,145 - INFO - 🔍 本页新发现 0 个中文链接，去重后新增 0 个URL
2025-06-18 17:31:56,145 - INFO - 💾 已保存 0 个中文URL到 book_url_zh.txt
2025-06-18 17:31:56,195 - INFO - ℹ️ 未找到Load More按钮，可能已加载所有内容
2025-06-18 17:31:56,195 - INFO - ⚠️ 无法继续加载更多内容
2025-06-18 17:31:56,195 - INFO - 🎉 中文爬取完成！总共收集到 0 个电子书URL
2025-06-18 17:31:56,236 - INFO - 🧹 浏览器资源已清理
2025-06-18 17:31:56,237 - INFO - 💾 已保存 0 个中文URL到 book_url_zh.txt
2025-06-18 17:33:07,996 - INFO - 🌍 语种设置: 中文
2025-06-18 17:33:07,996 - INFO - 🔗 目标URL: https://zh.zlib.fi/
2025-06-18 17:33:07,996 - INFO - 📁 输出文件: book_url_zh.txt
2025-06-18 17:33:07,996 - INFO - 📥 已加载 0 个现有中文URL
2025-06-18 17:33:07,997 - INFO - 📊 已加载中文爬取进度: {'last_page': 1, 'total_books': 0, 'language': 'zh'}
2025-06-18 17:33:09,151 - INFO - 🌐 Playwright浏览器设置成功
2025-06-18 17:33:09,156 - INFO - 🚀 开始爬取 中文 Z-Library，最大页数: 2
2025-06-18 17:33:27,911 - INFO - ⏳ 正在处理第 1 页(中文)...
2025-06-18 17:33:28,074 - INFO - 🔍 本页新发现 40 个中文链接，去重后新增 40 个URL
2025-06-18 17:33:28,074 - INFO - 💾 已保存 40 个中文URL到 book_url_zh.txt
2025-06-18 17:33:29,237 - INFO - 👆 成功点击Load More按钮 (选择器: .load-more)
2025-06-18 17:33:34,982 - INFO - ⏳ 正在处理第 2 页(中文)...
2025-06-18 17:33:35,160 - INFO - 🔍 本页新发现 20 个中文链接，去重后新增 20 个URL
2025-06-18 17:33:35,163 - INFO - 💾 已保存 60 个中文URL到 book_url_zh.txt
2025-06-18 17:33:36,279 - INFO - 👆 成功点击Load More按钮 (选择器: .load-more)
2025-06-18 17:33:40,961 - INFO - 🎉 中文爬取完成！总共收集到 60 个电子书URL
2025-06-18 17:33:41,073 - INFO - 🧹 浏览器资源已清理
2025-06-18 17:33:41,073 - INFO - 💾 已保存 60 个中文URL到 book_url_zh.txt
2025-06-18 17:36:14,640 - INFO - 🌍 语种设置: 中文
2025-06-18 17:36:14,640 - INFO - 🔗 目标URL: https://zh.zlib.fi/
2025-06-18 17:36:14,640 - INFO - 📁 输出文件: book_url_zh.txt
2025-06-18 17:36:14,640 - INFO - 📥 已加载 60 个现有中文URL
2025-06-18 17:36:14,640 - INFO - 📊 已加载中文爬取进度: {'last_page': 2, 'total_books': 60, 'language': 'zh'}
2025-06-18 17:36:15,533 - INFO - 🌐 Playwright浏览器设置成功
2025-06-18 17:36:15,535 - INFO - 🚀 开始爬取 中文 Z-Library，最大页数: 2
2025-06-18 17:36:24,104 - INFO - ⏳ 正在处理第 1 页(中文)...
2025-06-18 17:36:24,250 - INFO - 🔍 本页新发现 0 个中文链接，去重后新增 0 个URL
2025-06-18 17:36:24,251 - INFO - 💾 已保存 60 个中文URL到 book_url_zh.txt
2025-06-18 17:36:25,418 - INFO - 👆 成功点击Load More按钮 (选择器: .load-more)
2025-06-18 17:36:30,453 - INFO - ⏳ 正在处理第 2 页(中文)...
2025-06-18 17:36:30,645 - INFO - 🔍 本页新发现 0 个中文链接，去重后新增 0 个URL
2025-06-18 17:36:30,646 - INFO - 💾 已保存 60 个中文URL到 book_url_zh.txt
2025-06-18 17:36:31,740 - INFO - 👆 成功点击Load More按钮 (选择器: .load-more)
2025-06-18 17:36:37,556 - INFO - 🎉 中文爬取完成！总共收集到 60 个电子书URL
2025-06-18 17:36:37,621 - INFO - 🧹 浏览器资源已清理
2025-06-18 17:36:37,622 - INFO - 💾 已保存 60 个中文URL到 book_url_zh.txt
